Traceback (most recent call last):
  File "<frozen runpy>", line 198, in _run_module_as_main
  File "<frozen runpy>", line 88, in _run_code
  File "/opt/mg/src/app/agent/cli.py", line 117, in <module>
    raise SystemExit(main())
                     ^^^^^^
  File "/opt/mg/src/app/agent/cli.py", line 113, in main
    return run(parser.parse_args(argv))
           ^^^^^^^^^^^^^^^^^^^^^^^^^^^^
  File "/opt/mg/src/app/agent/cli.py", line 68, in run
    snap = session.snapshot(seen)
           ^^^^^^^^^^^^^^^^^^^^^^
  File "/opt/mg/src/app/agent/session.py", line 357, in snapshot
    "backend": sandbox.backend()},
               ^^^^^^^^^^^^^^^^^
  File "/opt/mg/src/app/agent/sandbox.py", line 64, in backend
2026-10-06 03:45:13 | WARNING  | app.agent.session:1981 - Agent session a67e4d0716ca47bc failed
Traceback (most recent call last):
  File "/usr/local/lib/python3.12/threading.py", line 1032, in _bootstrap
    self._bootstrap_inner()
  File "/usr/local/lib/python3.12/threading.py", line 1075, in _bootstrap_inner
    self.run()
  File "/usr/local/lib/python3.12/threading.py", line 1012, in run
    self._target(*self._args, **self._kwargs)
> File "/opt/mg/src/app/agent/session.py", line 1979, in _loop
    (custom or AgentSession._steps)(self, max_steps)
  File "/opt/mg/src/app/agent/session.py", line 1898, in _steps
    turn = self._turn()
  File "/opt/mg/src/app/agent/session.py", line 1486, in _turn
    return self._turn_once()
  File "/opt/mg/src/app/agent/session.py", line 1499, in _turn_once
    return self._call_model(client.render(self.history, system, self.text_tools, specs, reasoning=self.echo_reasoning),
  File "/opt/mg/src/app/agent/session.py", line 1474, in _call_model
    return self.complete(self.provider, self.api_key, chain[self._fallback_at], messages, tools=tools, **extra)
  File "/opt/mg/src/app/agent/client.py", line 305, in complete
    return _complete_once(provider, api_key, model, messages, tools=tools, on_delta=on_delta, max_tokens=max_tokens)
  File "/opt/mg/src/app/agent/client.py", line 325, in _complete_once
    response = _post(provider, api_key, payload, bool(on_delta))
  File "/opt/mg/src/app/agent/client.py", line 189, in _post
    validate_url(url)
  File "/opt/mg/src/app/security.py", line 103, in validate_url
    _check_ip(ip_obj, hostname)
  File "/opt/mg/src/app/security.py", line 122, in _check_ip
    raise HTTPException(
fastapi.exceptions.HTTPException: 400: Hostname '172.17.0.1' resolves to non-public IP 172.17.0.1
    from app.agent import landlock_run
ImportError: cannot import name 'landlock_run' from 'app.agent' (/opt/mg/src/app/agent/__init__.py)
